// Jest Snapshot v1, https://goo.gl/fbAQLP

exports[`extension functions configuration detected from environment variables 1`] = `
Object {
  "location": "europe-west2",
  "mailchimpApiKey": "123456-789",
  "mailchimpAudienceId": "123456789",
  "mailchimpContactStatus": "pending",
}
`;
